birth.cloud.fixture ticks=213,120 days=88 source=synthetic_cloud_fixture holdout_regimes=['NEUTRAL', 'TREND_DOWN', 'TREND_UP']
fabric_secret.read heal env→fabric_json env_len=0 json_len=10 mismatch=False
2026-09-02 15:14:14,716,WARNING,[ConfigLoader] Missing env var (non-strict mode): XAI_API_KEY
2026-09-02 15:14:14,717,WARNING,[ConfigLoader] Missing env var (non-strict mode): LUMINA_JWT_SECRET_KEY
2026-09-02 15:14:14,717,WARNING,[ConfigLoader] Placeholder/default API key active in security.api_keys: '${LUMINA_ADMIN_API_KEY}'
2026-09-02 15:14:14,717,WARNING,speech_recognition library not available; voice input disabled
birth.cloud.engine_constructed class=BirthPhaseEngineV2
Telegram milestone alert skipped: credentials missing.
2026-09-02 15:14:20,824,WARNING,milestone.send_failed id=maturation:birth_started
Telegram milestone alert skipped: credentials missing.
2026-09-02 15:14:24,321,WARNING,milestone.send_failed id=history_loaded
Telegram milestone alert skipped: credentials missing.
2026-09-02 15:14:24,321,WARNING,milestone.send_failed id=regime_map_ready
2026-09-02 15:14:25,057,WARNING,birth.plateau.quarantine resume trades=524 rollouts=32 min_trades=500
Telegram attention alert skipped: credentials missing.
2026-09-02 15:14:38,008,WARNING,birth.stage.not_passed stage=stage3_mixed trades=524 blockers=foundation_fail:settlement_share=0.00;policy_sample 0 < 150 settle=settlement SSOT missing median_loss_r=1.0054732445694343 net_rr=1.8278398127327382
2026-09-02 15:14:38,462,WARNING,birth.curriculum soft_constitution_violation principle=birth_constitution_guard count=1
2026-09-02 15:14:38,462,WARNING,birth.constitution.soft_violation principle=birth_constitution_guard severity=warning count=1 detail=risk_exceeds_1pct
2026-09-02 15:14:38,463,WARNING,birth.curriculum soft_constitution_violation principle=birth_constitution_guard count=2
2026-09-02 15:14:38,463,WARNING,birth.constitution.soft_violation principle=birth_constitution_guard severity=warning count=2 detail=risk_exceeds_1pct
2026-09-02 15:14:38,464,WARNING,birth.curriculum soft_constitution_violation principle=birth_constitution_guard count=3
2026-09-02 15:14:38,465,WARNING,birth.constitution.soft_violation principle=birth_constitution_guard severity=warning count=3 detail=risk_exceeds_1pct
Telegram attention alert skipped: credentials missing.
Telegram attention alert skipped: credentials missing.
2026-09-02 15:14:41,967,WARNING,birth.meta.expectancy_quality path=skip trigger=periodic reason=no_stall trades=524 wins=479 wr_hist=0.9127906976744186 flat=0.585 signals=299180
Telegram attention alert skipped: credentials missing.
Telegram attention alert skipped: credentials missing.
Telegram attention alert skipped: credentials missing.
Telegram attention alert skipped: credentials missing.
2026-09-02 15:14:55,400,WARNING,birth.meta.expectancy_quality path=skip trigger=periodic reason=no_stall trades=524 wins=479 wr_hist=0.9127906976744186 flat=0.591 signals=304180
Telegram attention alert skipped: credentials missing.
Telegram attention alert skipped: credentials missing.
Telegram attention alert skipped: credentials missing.
Telegram attention alert skipped: credentials missing.
2026-09-02 15:15:08,795,WARNING,birth.meta.expectancy_quality path=skip trigger=periodic reason=no_stall trades=524 wins=479 wr_hist=0.9127906976744186 flat=0.598 signals=309180
Telegram attention alert skipped: credentials missing.
Telegram attention alert skipped: credentials missing.
2026-09-02 15:15:21,133,WARNING,birth.stage.not_passed stage=stage3_mixed trades=524 blockers=foundation_fail:settlement_share=0.00;policy_sample 0 < 150 settle=settlement SSOT missing median_loss_r=1.0054732445694343 net_rr=1.8278398127327382
Telegram attention alert skipped: credentials missing.
Telegram attention alert skipped: credentials missing.
2026-09-02 15:15:22,178,WARNING,birth.meta.expectancy_quality path=skip trigger=periodic reason=no_stall trades=524 wins=479 wr_hist=0.9127906976744186 flat=0.604 signals=314180
Telegram attention alert skipped: credentials missing.
Telegram attention alert skipped: credentials missing.
Telegram attention alert skipped: credentials missing.
Telegram attention alert skipped: credentials missing.
2026-09-02 15:15:35,453,WARNING,birth.meta.expectancy_quality path=skip trigger=periodic reason=no_stall trades=524 wins=479 wr_hist=0.9127906976744186 flat=0.611 signals=319180
Telegram attention alert skipped: credentials missing.
Telegram attention alert skipped: credentials missing.
Telegram attention alert skipped: credentials missing.
Telegram attention alert skipped: credentials missing.
Telegram attention alert skipped: credentials missing.
2026-09-02 15:16:43,895,WARNING,birth.meta.expectancy_quality path=skip trigger=periodic reason=no_stall trades=524 wins=479 wr_hist=0.9127906976744186 flat=0.617 signals=324180
Telegram attention alert skipped: credentials missing.
Telegram attention alert skipped: credentials missing.
2026-09-02 15:16:56,412,WARNING,birth.stage.not_passed stage=stage3_mixed trades=524 blockers=foundation_fail:settlement_share=0.00;policy_sample 0 < 150 settle=settlement SSOT missing median_loss_r=1.0054732445694343 net_rr=1.8278398127327382
Telegram attention alert skipped: credentials missing.
Telegram attention alert skipped: credentials missing.
2026-09-02 15:16:57,504,WARNING,birth.meta.expectancy_quality path=skip trigger=periodic reason=no_stall trades=524 wins=479 wr_hist=0.9127906976744186 flat=0.622 signals=329180
Telegram attention alert skipped: credentials missing.
Telegram attention alert skipped: credentials missing.
Telegram attention alert skipped: credentials missing.
Telegram attention alert skipped: credentials missing.
2026-09-02 15:17:10,934,WARNING,birth.meta.expectancy_quality path=skip trigger=periodic reason=no_stall trades=524 wins=479 wr_hist=0.9127906976744186 flat=0.628 signals=334180
Telegram attention alert skipped: credentials missing.
Telegram attention alert skipped: credentials missing.
Telegram attention alert skipped: credentials missing.
Telegram attention alert skipped: credentials missing.
2026-09-02 15:17:24,219,WARNING,birth.meta.expectancy_quality path=skip trigger=periodic reason=no_stall trades=524 wins=479 wr_hist=0.9127906976744186 flat=0.634 signals=339180
Telegram attention alert skipped: credentials missing.
Telegram attention alert skipped: credentials missing.
2026-09-02 15:17:36,389,WARNING,birth.stage.not_passed stage=stage3_mixed trades=524 blockers=foundation_fail:settlement_share=0.00;policy_sample 0 < 150 settle=settlement SSOT missing median_loss_r=1.0054732445694343 net_rr=1.8278398127327382
Telegram attention alert skipped: credentials missing.
Telegram attention alert skipped: credentials missing.
2026-09-02 15:17:37,450,WARNING,birth.meta.expectancy_quality path=skip trigger=periodic reason=no_stall trades=524 wins=479 wr_hist=0.9127906976744186 flat=0.639 signals=344180
Telegram attention alert skipped: credentials missing.
Telegram attention alert skipped: credentials missing.
2026-09-02 15:17:50,464,CRITICAL,birth.fail_closed.host_stop reason=history_unavailable — stage loop will exit
birth.cloud.engine_result={"status": "history_unavailable", "total_trades": 916, "ppo_steps": 116000, "training_mode": "certified"}
birth.cloud.exit=3 birth_exit_ok=False timed_out=False
EXIT_CODE=0
