{
  "source": "awakening_stratified_split",
  "splitter": "per_phase_60_40",
  "phase_blocks": 6,
  "gen_up": 71040,
  "gen_down": 71040,
  "gen_range": 71040,
  "train_gen_up": 42624,
  "train_gen_down": 42624,
  "hold_gen_up": 28416,
  "hold_gen_down": 28416,
  "train_up_frac": 0.2354463838838839,
  "train_down_frac": 0.24540165165165165,
  "hold_up_frac": 0.2312546921921922,
  "hold_down_frac": 0.2233131569069069,
  "world_ok": false,
  "fixture_seed": 20260911,
  "fixture_train_hash": "7923fa61a414b51c",
  "baseline_sha256": "a9ffa8529e02f2d8f8a535be4dcce205a43abe20bdec492add78126a8181188b",
  "child_sha256": "",
  "init_policy": "scratch",
  "obs_dim": 46,
  "learn_called": false,
  "actual_timesteps": 0,
  "A": {
    "n_policy_base": 0,
    "n_policy_child": 0,
    "mean_r_base": 0.0,
    "mean_r_child": 0.0,
    "n_H_base": 0,
    "n_H_child": 0,
    "wr_base": 0.0,
    "wr_child": 0.0,
    "n_W_base": 0,
    "n_W_child": 0,
    "bars_held_p50_base": 0.0,
    "bars_held_p50_child": 0.0,
    "delta_mean_r": 0.0,
    "delta_n_H": 0,
    "HOLE_OK": false,
    "MOVED": false,
    "S_THIN": false,
    "S_HARM": false,
    "S_MISSING": true
  },
  "B": {
    "n_policy_base": 0,
    "n_policy_child": 0,
    "mean_r_base": 0.0,
    "mean_r_child": 0.0,
    "n_H_base": 0,
    "n_H_child": 0,
    "wr_base": 0.0,
    "wr_child": 0.0,
    "n_W_base": 0,
    "n_W_child": 0,
    "bars_held_p50_base": 0.0,
    "bars_held_p50_child": 0.0,
    "delta_mean_r": 0.0,
    "delta_n_H": 0,
    "HOLE_OK": false,
    "MOVED": false,
    "S_THIN": false,
    "S_HARM": false,
    "S_MISSING": true
  },
  "tag": "STRAT_WORLD_FAIL",
  "GENESIS_EYES_OK": false,
  "law": "NONE",
  "licensed_next_family": "H_NONE",
  "evolution_proof_stamped": false,
  "REAL": "no",
  "playground": false,
  "hook_default": false,
  "oracle_regime": false,
  "chronological_tail": false,
  "real_data_pct": 0.0,
  "G6_tag": "REAL_DOOR_LOCKED",
  "overall": "AWAKENING_STRATIFIED_SPLIT SHADOW_MEASURE",
  "hold_pct": 0.4,
  "MOVED_A": false,
  "MOVED_B": false,
  "missing_reason": "",
  "g0": {
    "origin_main": "a05a7db599e7228f0635d6570c802119fd8efda8",
    "POLICY_EDGE_MIN_TRADES": 150,
    "OBSERVATION_DIM": 43,
    "pct_synthetic": 0.0,
    "inspect_complete": true
  }
}
