WARNING:lumina_core.audit.audit_logger:AuditLogger recovering corrupt chain at state\thought_log.jsonl: prev_hash_mismatch_line_1
2026-05-07 22:24:16,528,WARNING,HardRiskController blocked fast-path signal: VAR_ES insufficient return samples (0 < 40)
2026-05-07 22:24:55,156,WARNING,WebSocket closed (no close frame received or sent); using REST fallback
2026-05-07 22:25:35,034,WARNING,CrossTrade get_account_info HTTP 408 account=DEMO5042070 body={"error": "Client not ready to receive requests, disconnected."}
2026-05-07 22:25:45,588,WARNING,CrossTrade get_account_info HTTP 408 account=DEMO5042070 body={"error": "Client not ready to receive requests, disconnected."}
2026-05-07 22:25:56,070,WARNING,CrossTrade get_account_info HTTP 408 account=DEMO5042070 body={"error": "Client not ready to receive requests, disconnected."}
2026-05-07 22:26:06,531,WARNING,CrossTrade get_account_info HTTP 408 account=DEMO5042070 body={"error": "Client not ready to receive requests, disconnected."}
2026-05-07 22:26:17,463,WARNING,CrossTrade get_account_info HTTP 408 account=DEMO5042070 body={"error": "Client not ready to receive requests, disconnected."}
2026-05-07 22:26:29,444,WARNING,CrossTrade get_account_info HTTP 408 account=DEMO5042070 body={"error": "Client not ready to receive requests, disconnected."}
2026-05-09 08:18:19,006,ERROR,CrossTrade get_account_info failed: ('Connection aborted.', RemoteDisconnected('Remote end closed connection without response'))
2026-05-09 08:18:19,040,ERROR,TradeReconciler websocket error [RECONCILE_WEBSOCKET_LOOP_FAILED]: no close frame received or sent
2026-05-09 08:18:19,878,WARNING,TradeReconciler reconnect in 1.2s
2026-05-09 08:18:21,234,ERROR,TradeReconciler websocket error [RECONCILE_WEBSOCKET_LOOP_FAILED]: [Errno 11001] getaddrinfo failed
2026-05-09 08:18:21,266,WARNING,TradeReconciler reconnect in 2.5s
2026-05-09 08:18:23,826,ERROR,TradeReconciler websocket error [RECONCILE_WEBSOCKET_LOOP_FAILED]: [Errno 11001] getaddrinfo failed
2026-05-09 08:18:23,840,WARNING,TradeReconciler reconnect in 4.2s
2026-05-09 08:18:34,878,WARNING,CrossTrade get_account_info HTTP 408 account=DEMO5042070 body={"error": "Client not ready to receive requests, disconnected."}
2026-05-09 08:18:48,982,WARNING,CrossTrade get_account_info HTTP 408 account=DEMO5042070 body={"error": "Client not ready to receive requests, disconnected."}
2026-05-09 08:19:02,301,WARNING,CrossTrade get_account_info HTTP 408 account=DEMO5042070 body={"error": "Client not ready to receive requests, disconnected."}
2026-05-10 13:10:42,995,ERROR,TradeReconciler websocket error [RECONCILE_WEBSOCKET_TIMEOUT]: 
2026-05-10 13:10:43,825,WARNING,TradeReconciler reconnect in 8.5s
2026-05-10 13:10:46,306,ERROR,CrossTrade get_account_info failed: HTTPSConnectionPool(host='app.crosstrade.io', port=443): Max retries exceeded with url: /v1/api/accounts/DEMO5042070 (Caused by NameResolutionError("HTTPSConnection(host='app.crosstrade.io', port=443): Failed to resolve 'app.crosstrade.io' ([Errno 11001] getaddrinfo failed)"))
2026-05-10 13:11:07,798,WARNING,CrossTrade get_account_info HTTP 408 account=DEMO5042070 body={"error": "Client not ready to receive requests, disconnected."}
2026-05-10 13:11:19,230,WARNING,CrossTrade get_account_info HTTP 408 account=DEMO5042070 body={"error": "Client not ready to receive requests, disconnected."}
2026-05-10 13:11:32,208,WARNING,CrossTrade get_account_info HTTP 408 account=DEMO5042070 body={"error": "Client not ready to receive requests, disconnected."}
2026-05-10 13:11:43,094,WARNING,CrossTrade get_account_info HTTP 408 account=DEMO5042070 body={"error": "Client not ready to receive requests, disconnected."}
2026-05-10 13:11:53,688,WARNING,CrossTrade get_account_info HTTP 408 account=DEMO5042070 body={"error": "Client not ready to receive requests, disconnected."}
2026-05-10 13:12:05,625,WARNING,CrossTrade get_account_info HTTP 408 account=DEMO5042070 body={"error": "Client not ready to receive requests, disconnected."}
2026-05-10 13:12:17,120,WARNING,CrossTrade get_account_info HTTP 408 account=DEMO5042070 body={"error": "Client not ready to receive requests, disconnected."}
2026-05-10 13:12:27,672,WARNING,CrossTrade get_account_info HTTP 408 account=DEMO5042070 body={"error": "Client not ready to receive requests, disconnected."}
2026-05-10 13:12:33,743,WARNING,Paginated historical load returned no bars; retrying single request limit=2000 daysBack=2
2026-05-10 13:12:40,123,WARNING,CrossTrade get_account_info HTTP 408 account=DEMO5042070 body={"error": "Client not ready to receive requests, disconnected."}
2026-05-10 13:12:51,193,WARNING,CrossTrade get_account_info HTTP 408 account=DEMO5042070 body={"error": "Client not ready to receive requests, disconnected."}
2026-05-10 13:13:02,178,WARNING,CrossTrade get_account_info HTTP 408 account=DEMO5042070 body={"error": "Client not ready to receive requests, disconnected."}
2026-05-10 13:13:13,342,WARNING,CrossTrade get_account_info HTTP 408 account=DEMO5042070 body={"error": "Client not ready to receive requests, disconnected."}
2026-05-10 13:13:24,056,WARNING,CrossTrade get_account_info HTTP 408 account=DEMO5042070 body={"error": "Client not ready to receive requests, disconnected."}
2026-05-10 13:13:34,604,WARNING,CrossTrade get_account_info HTTP 408 account=DEMO5042070 body={"error": "Client not ready to receive requests, disconnected."}
2026-05-10 13:13:46,428,WARNING,CrossTrade get_account_info HTTP 408 account=DEMO5042070 body={"error": "Client not ready to receive requests, disconnected."}
2026-05-10 13:13:57,351,WARNING,CrossTrade get_account_info HTTP 408 account=DEMO5042070 body={"error": "Client not ready to receive requests, disconnected."}
2026-05-10 13:14:07,709,WARNING,CrossTrade get_account_info HTTP 408 account=DEMO5042070 body={"error": "Client not ready to receive requests, disconnected."}
2026-05-10 13:14:18,469,WARNING,CrossTrade get_account_info HTTP 408 account=DEMO5042070 body={"error": "Client not ready to receive requests, disconnected."}
2026-05-10 13:14:29,323,WARNING,CrossTrade get_account_info HTTP 408 account=DEMO5042070 body={"error": "Client not ready to receive requests, disconnected."}
2026-05-10 13:14:39,911,WARNING,CrossTrade get_account_info HTTP 408 account=DEMO5042070 body={"error": "Client not ready to receive requests, disconnected."}
2026-05-10 13:14:50,775,WARNING,CrossTrade get_account_info HTTP 408 account=DEMO5042070 body={"error": "Client not ready to receive requests, disconnected."}
2026-05-10 13:15:01,364,WARNING,CrossTrade get_account_info HTTP 408 account=DEMO5042070 body={"error": "Client not ready to receive requests, disconnected."}
2026-05-10 13:15:11,702,WARNING,CrossTrade get_account_info HTTP 408 account=DEMO5042070 body={"error": "Client not ready to receive requests, disconnected."}
2026-05-10 13:15:23,475,WARNING,CrossTrade get_account_info HTTP 408 account=DEMO5042070 body={"error": "Client not ready to receive requests, disconnected."}
2026-05-10 13:15:35,806,WARNING,CrossTrade get_account_info HTTP 408 account=DEMO5042070 body={"error": "Client not ready to receive requests, disconnected."}
2026-05-10 13:15:46,204,WARNING,CrossTrade get_account_info HTTP 408 account=DEMO5042070 body={"error": "Client not ready to receive requests, disconnected."}
2026-05-10 13:15:57,635,WARNING,CrossTrade get_account_info HTTP 408 account=DEMO5042070 body={"error": "Client not ready to receive requests, disconnected."}
2026-05-10 13:16:07,918,WARNING,CrossTrade get_account_info HTTP 408 account=DEMO5042070 body={"error": "Client not ready to receive requests, disconnected."}
2026-05-10 13:16:19,093,WARNING,CrossTrade get_account_info HTTP 408 account=DEMO5042070 body={"error": "Client not ready to receive requests, disconnected."}
2026-05-10 13:16:29,969,WARNING,CrossTrade get_account_info HTTP 408 account=DEMO5042070 body={"error": "Client not ready to receive requests, disconnected."}
2026-05-10 13:16:41,261,WARNING,CrossTrade get_account_info HTTP 408 account=DEMO5042070 body={"error": "Client not ready to receive requests, disconnected."}
2026-05-10 13:16:53,108,WARNING,CrossTrade get_account_info HTTP 408 account=DEMO5042070 body={"error": "Client not ready to receive requests, disconnected."}
2026-05-10 13:17:04,229,WARNING,CrossTrade get_account_info HTTP 408 account=DEMO5042070 body={"error": "Client not ready to receive requests, disconnected."}
2026-05-10 13:17:15,025,WARNING,CrossTrade get_account_info HTTP 408 account=DEMO5042070 body={"error": "Client not ready to receive requests, disconnected."}
2026-05-10 13:17:25,581,WARNING,CrossTrade get_account_info HTTP 408 account=DEMO5042070 body={"error": "Client not ready to receive requests, disconnected."}
2026-05-10 13:17:35,912,WARNING,CrossTrade get_account_info HTTP 408 account=DEMO5042070 body={"error": "Client not ready to receive requests, disconnected."}
2026-05-10 13:17:36,496,WARNING,Paginated historical load returned no bars; retrying single request limit=2000 daysBack=2
2026-05-10 13:17:46,207,WARNING,CrossTrade get_account_info HTTP 408 account=DEMO5042070 body={"error": "Client not ready to receive requests, disconnected."}
2026-05-10 13:17:57,151,WARNING,CrossTrade get_account_info HTTP 408 account=DEMO5042070 body={"error": "Client not ready to receive requests, disconnected."}
2026-05-10 13:18:07,911,WARNING,CrossTrade get_account_info HTTP 408 account=DEMO5042070 body={"error": "Client not ready to receive requests, disconnected."}
2026-05-10 13:18:18,272,WARNING,CrossTrade get_account_info HTTP 408 account=DEMO5042070 body={"error": "Client not ready to receive requests, disconnected."}
2026-05-10 13:18:29,468,WARNING,CrossTrade get_account_info HTTP 408 account=DEMO5042070 body={"error": "Client not ready to receive requests, disconnected."}
2026-05-10 13:18:40,550,WARNING,CrossTrade get_account_info HTTP 408 account=DEMO5042070 body={"error": "Client not ready to receive requests, disconnected."}
2026-05-10 13:18:51,747,WARNING,CrossTrade get_account_info HTTP 408 account=DEMO5042070 body={"error": "Client not ready to receive requests, disconnected."}
2026-05-10 13:19:02,351,WARNING,CrossTrade get_account_info HTTP 408 account=DEMO5042070 body={"error": "Client not ready to receive requests, disconnected."}
2026-05-10 13:19:12,953,WARNING,CrossTrade get_account_info HTTP 408 account=DEMO5042070 body={"error": "Client not ready to receive requests, disconnected."}
2026-05-10 13:19:24,901,WARNING,CrossTrade get_account_info HTTP 408 account=DEMO5042070 body={"error": "Client not ready to receive requests, disconnected."}
2026-05-10 13:19:35,949,WARNING,CrossTrade get_account_info HTTP 408 account=DEMO5042070 body={"error": "Client not ready to receive requests, disconnected."}
2026-05-10 13:19:46,478,WARNING,CrossTrade get_account_info HTTP 408 account=DEMO5042070 body={"error": "Client not ready to receive requests, disconnected."}
2026-05-10 13:19:57,173,WARNING,CrossTrade get_account_info HTTP 408 account=DEMO5042070 body={"error": "Client not ready to receive requests, disconnected."}
2026-05-10 13:20:09,275,WARNING,CrossTrade get_account_info HTTP 408 account=DEMO5042070 body={"error": "Client not ready to receive requests, disconnected."}
2026-05-10 13:20:19,859,WARNING,CrossTrade get_account_info HTTP 408 account=DEMO5042070 body={"error": "Client not ready to receive requests, disconnected."}
2026-05-10 13:20:30,713,WARNING,CrossTrade get_account_info HTTP 408 account=DEMO5042070 body={"error": "Client not ready to receive requests, disconnected."}
2026-05-10 13:20:41,471,WARNING,CrossTrade get_account_info HTTP 408 account=DEMO5042070 body={"error": "Client not ready to receive requests, disconnected."}
2026-05-10 13:20:53,308,WARNING,CrossTrade get_account_info HTTP 408 account=DEMO5042070 body={"error": "Client not ready to receive requests, disconnected."}
2026-05-10 13:21:04,346,WARNING,CrossTrade get_account_info HTTP 408 account=DEMO5042070 body={"error": "Client not ready to receive requests, disconnected."}
2026-05-10 13:21:15,319,WARNING,CrossTrade get_account_info HTTP 408 account=DEMO5042070 body={"error": "Client not ready to receive requests, disconnected."}
2026-05-10 13:21:26,209,WARNING,CrossTrade get_account_info HTTP 408 account=DEMO5042070 body={"error": "Client not ready to receive requests, disconnected."}
2026-05-10 13:21:38,341,WARNING,CrossTrade get_account_info HTTP 408 account=DEMO5042070 body={"error": "Client not ready to receive requests, disconnected."}
2026-05-10 13:21:49,590,WARNING,CrossTrade get_account_info HTTP 408 account=DEMO5042070 body={"error": "Client not ready to receive requests, disconnected."}
2026-05-10 13:22:00,772,WARNING,CrossTrade get_account_info HTTP 408 account=DEMO5042070 body={"error": "Client not ready to receive requests, disconnected."}
2026-05-10 13:22:11,524,WARNING,CrossTrade get_account_info HTTP 408 account=DEMO5042070 body={"error": "Client not ready to receive requests, disconnected."}
2026-05-10 13:22:22,471,WARNING,CrossTrade get_account_info HTTP 408 account=DEMO5042070 body={"error": "Client not ready to receive requests, disconnected."}
2026-05-10 13:22:33,468,WARNING,CrossTrade get_account_info HTTP 408 account=DEMO5042070 body={"error": "Client not ready to receive requests, disconnected."}
2026-05-10 13:22:39,068,WARNING,Paginated historical load returned no bars; retrying single request limit=2000 daysBack=2
2026-05-10 13:22:44,458,WARNING,CrossTrade get_account_info HTTP 408 account=DEMO5042070 body={"error": "Client not ready to receive requests, disconnected."}
2026-05-10 13:22:54,991,WARNING,CrossTrade get_account_info HTTP 408 account=DEMO5042070 body={"error": "Client not ready to receive requests, disconnected."}
2026-05-10 13:23:05,739,WARNING,CrossTrade get_account_info HTTP 408 account=DEMO5042070 body={"error": "Client not ready to receive requests, disconnected."}
2026-05-10 13:23:16,224,WARNING,CrossTrade get_account_info HTTP 408 account=DEMO5042070 body={"error": "Client not ready to receive requests, disconnected."}
2026-05-10 13:23:27,117,WARNING,CrossTrade get_account_info HTTP 408 account=DEMO5042070 body={"error": "Client not ready to receive requests, disconnected."}
2026-05-10 13:23:38,693,WARNING,CrossTrade get_account_info HTTP 408 account=DEMO5042070 body={"error": "Client not ready to receive requests, disconnected."}
2026-05-10 13:23:51,254,WARNING,CrossTrade get_account_info HTTP 408 account=DEMO5042070 body={"error": "Client not ready to receive requests, disconnected."}
2026-05-10 13:24:03,274,WARNING,CrossTrade get_account_info HTTP 408 account=DEMO5042070 body={"error": "Client not ready to receive requests, disconnected."}
2026-05-10 13:24:15,423,WARNING,CrossTrade get_account_info HTTP 408 account=DEMO5042070 body={"error": "Client not ready to receive requests, disconnected."}
2026-05-10 13:24:26,997,WARNING,CrossTrade get_account_info HTTP 408 account=DEMO5042070 body={"error": "Client not ready to receive requests, disconnected."}
2026-05-10 13:24:38,769,WARNING,CrossTrade get_account_info HTTP 408 account=DEMO5042070 body={"error": "Client not ready to receive requests, disconnected."}
2026-05-10 13:24:50,409,WARNING,CrossTrade get_account_info HTTP 408 account=DEMO5042070 body={"error": "Client not ready to receive requests, disconnected."}
2026-05-10 13:25:02,051,WARNING,CrossTrade get_account_info HTTP 408 account=DEMO5042070 body={"error": "Client not ready to receive requests, disconnected."}
2026-05-10 13:25:13,872,WARNING,CrossTrade get_account_info HTTP 408 account=DEMO5042070 body={"error": "Client not ready to receive requests, disconnected."}
2026-05-10 13:25:25,188,WARNING,CrossTrade get_account_info HTTP 408 account=DEMO5042070 body={"error": "Client not ready to receive requests, disconnected."}
2026-05-10 13:25:36,284,WARNING,CrossTrade get_account_info HTTP 408 account=DEMO5042070 body={"error": "Client not ready to receive requests, disconnected."}
2026-05-10 13:25:47,111,WARNING,CrossTrade get_account_info HTTP 408 account=DEMO5042070 body={"error": "Client not ready to receive requests, disconnected."}
2026-05-10 13:25:58,853,WARNING,CrossTrade get_account_info HTTP 408 account=DEMO5042070 body={"error": "Client not ready to receive requests, disconnected."}
2026-05-10 13:26:09,091,WARNING,CrossTrade get_account_info HTTP 408 account=DEMO5042070 body={"error": "Client not ready to receive requests, disconnected."}
2026-05-10 13:26:19,448,WARNING,CrossTrade get_account_info HTTP 408 account=DEMO5042070 body={"error": "Client not ready to receive requests, disconnected."}
2026-05-10 13:26:29,882,WARNING,CrossTrade get_account_info HTTP 408 account=DEMO5042070 body={"error": "Client not ready to receive requests, disconnected."}
2026-05-10 13:26:40,286,WARNING,CrossTrade get_account_info HTTP 408 account=DEMO5042070 body={"error": "Client not ready to receive requests, disconnected."}
2026-05-10 13:26:52,615,WARNING,CrossTrade get_account_info HTTP 408 account=DEMO5042070 body={"error": "Client not ready to receive requests, disconnected."}
2026-05-10 13:27:03,101,WARNING,CrossTrade get_account_info HTTP 408 account=DEMO5042070 body={"error": "Client not ready to receive requests, disconnected."}
2026-05-10 13:27:15,831,WARNING,CrossTrade get_account_info HTTP 408 account=DEMO5042070 body={"error": "Client not ready to receive requests, disconnected."}
2026-05-10 13:27:26,860,WARNING,CrossTrade get_account_info HTTP 408 account=DEMO5042070 body={"error": "Client not ready to receive requests, disconnected."}
2026-05-10 13:27:37,235,WARNING,CrossTrade get_account_info HTTP 408 account=DEMO5042070 body={"error": "Client not ready to receive requests, disconnected."}
2026-05-10 13:27:42,263,WARNING,Paginated historical load returned no bars; retrying single request limit=2000 daysBack=2
2026-05-10 13:27:47,828,WARNING,CrossTrade get_account_info HTTP 408 account=DEMO5042070 body={"error": "Client not ready to receive requests, disconnected."}
2026-05-10 13:27:59,724,WARNING,CrossTrade get_account_info HTTP 408 account=DEMO5042070 body={"error": "Client not ready to receive requests, disconnected."}
2026-05-10 13:28:09,931,WARNING,CrossTrade get_account_info HTTP 408 account=DEMO5042070 body={"error": "Client not ready to receive requests, disconnected."}
2026-05-10 13:28:20,651,WARNING,CrossTrade get_account_info HTTP 408 account=DEMO5042070 body={"error": "Client not ready to receive requests, disconnected."}
2026-05-10 13:28:31,607,WARNING,CrossTrade get_account_info HTTP 408 account=DEMO5042070 body={"error": "Client not ready to receive requests, disconnected."}
2026-05-10 13:28:42,525,WARNING,CrossTrade get_account_info HTTP 408 account=DEMO5042070 body={"error": "Client not ready to receive requests, disconnected."}
2026-05-10 13:28:52,971,WARNING,CrossTrade get_account_info HTTP 408 account=DEMO5042070 body={"error": "Client not ready to receive requests, disconnected."}
2026-05-10 13:29:04,616,WARNING,CrossTrade get_account_info HTTP 408 account=DEMO5042070 body={"error": "Client not ready to receive requests, disconnected."}
2026-05-10 13:29:15,081,WARNING,CrossTrade get_account_info HTTP 408 account=DEMO5042070 body={"error": "Client not ready to receive requests, disconnected."}
2026-05-10 13:29:26,780,WARNING,CrossTrade get_account_info HTTP 408 account=DEMO5042070 body={"error": "Client not ready to receive requests, disconnected."}
2026-05-10 13:29:37,462,WARNING,CrossTrade get_account_info HTTP 408 account=DEMO5042070 body={"error": "Client not ready to receive requests, disconnected."}
2026-05-10 13:29:49,598,WARNING,CrossTrade get_account_info HTTP 408 account=DEMO5042070 body={"error": "Client not ready to receive requests, disconnected."}
2026-05-10 13:30:01,930,WARNING,CrossTrade get_account_info HTTP 408 account=DEMO5042070 body={"error": "Client not ready to receive requests, disconnected."}
2026-05-10 13:30:14,409,WARNING,CrossTrade get_account_info HTTP 408 account=DEMO5042070 body={"error": "Client not ready to receive requests, disconnected."}
2026-05-10 13:30:26,628,WARNING,CrossTrade get_account_info HTTP 408 account=DEMO5042070 body={"error": "Client not ready to receive requests, disconnected."}
2026-05-10 13:30:38,423,WARNING,CrossTrade get_account_info HTTP 408 account=DEMO5042070 body={"error": "Client not ready to receive requests, disconnected."}
2026-05-10 13:30:50,280,WARNING,CrossTrade get_account_info HTTP 408 account=DEMO5042070 body={"error": "Client not ready to receive requests, disconnected."}
2026-05-10 13:31:02,538,WARNING,CrossTrade get_account_info HTTP 408 account=DEMO5042070 body={"error": "Client not ready to receive requests, disconnected."}
2026-05-10 13:31:14,821,WARNING,CrossTrade get_account_info HTTP 408 account=DEMO5042070 body={"error": "Client not ready to receive requests, disconnected."}
2026-05-10 13:31:24,963,WARNING,CrossTrade get_account_info HTTP 408 account=DEMO5042070 body={"error": "Client not ready to receive requests, disconnected."}
2026-05-10 13:31:36,565,WARNING,CrossTrade get_account_info HTTP 408 account=DEMO5042070 body={"error": "Client not ready to receive requests, disconnected."}
2026-05-10 13:31:48,831,WARNING,CrossTrade get_account_info HTTP 408 account=DEMO5042070 body={"error": "Client not ready to receive requests, disconnected."}
2026-05-10 13:32:01,397,WARNING,CrossTrade get_account_info HTTP 408 account=DEMO5042070 body={"error": "Client not ready to receive requests, disconnected."}
2026-05-10 13:32:12,598,WARNING,CrossTrade get_account_info HTTP 408 account=DEMO5042070 body={"error": "Client not ready to receive requests, disconnected."}
2026-05-10 13:32:24,976,WARNING,CrossTrade get_account_info HTTP 408 account=DEMO5042070 body={"error": "Client not ready to receive requests, disconnected."}
2026-05-10 13:32:35,311,WARNING,CrossTrade get_account_info HTTP 408 account=DEMO5042070 body={"error": "Client not ready to receive requests, disconnected."}
2026-05-10 13:32:45,517,WARNING,Paginated historical load returned no bars; retrying single request limit=2000 daysBack=2
2026-05-10 13:32:46,985,WARNING,CrossTrade get_account_info HTTP 408 account=DEMO5042070 body={"error": "Client not ready to receive requests, disconnected."}
2026-05-10 13:32:57,889,WARNING,CrossTrade get_account_info HTTP 408 account=DEMO5042070 body={"error": "Client not ready to receive requests, disconnected."}
2026-05-10 13:33:08,363,WARNING,CrossTrade get_account_info HTTP 408 account=DEMO5042070 body={"error": "Client not ready to receive requests, disconnected."}
2026-05-10 13:33:18,654,WARNING,CrossTrade get_account_info HTTP 408 account=DEMO5042070 body={"error": "Client not ready to receive requests, disconnected."}
2026-05-10 13:33:29,826,WARNING,CrossTrade get_account_info HTTP 408 account=DEMO5042070 body={"error": "Client not ready to receive requests, disconnected."}
2026-05-10 13:33:40,995,WARNING,CrossTrade get_account_info HTTP 408 account=DEMO5042070 body={"error": "Client not ready to receive requests, disconnected."}
2026-05-10 13:33:52,028,WARNING,CrossTrade get_account_info HTTP 408 account=DEMO5042070 body={"error": "Client not ready to receive requests, disconnected."}
2026-05-10 13:34:02,518,WARNING,CrossTrade get_account_info HTTP 408 account=DEMO5042070 body={"error": "Client not ready to receive requests, disconnected."}
2026-05-10 13:34:14,488,WARNING,CrossTrade get_account_info HTTP 408 account=DEMO5042070 body={"error": "Client not ready to receive requests, disconnected."}
2026-05-10 13:34:25,393,WARNING,CrossTrade get_account_info HTTP 408 account=DEMO5042070 body={"error": "Client not ready to receive requests, disconnected."}
2026-05-10 13:34:36,149,WARNING,CrossTrade get_account_info HTTP 408 account=DEMO5042070 body={"error": "Client not ready to receive requests, disconnected."}
2026-05-10 13:34:46,812,WARNING,CrossTrade get_account_info HTTP 408 account=DEMO5042070 body={"error": "Client not ready to receive requests, disconnected."}
2026-05-10 13:34:57,787,WARNING,CrossTrade get_account_info HTTP 408 account=DEMO5042070 body={"error": "Client not ready to receive requests, disconnected."}
2026-05-10 13:35:08,560,WARNING,CrossTrade get_account_info HTTP 408 account=DEMO5042070 body={"error": "Client not ready to receive requests, disconnected."}
2026-05-10 13:35:20,710,WARNING,CrossTrade get_account_info HTTP 408 account=DEMO5042070 body={"error": "Client not ready to receive requests, disconnected."}
2026-05-10 13:35:31,300,WARNING,CrossTrade get_account_info HTTP 408 account=DEMO5042070 body={"error": "Client not ready to receive requests, disconnected."}
2026-05-10 13:35:42,299,WARNING,CrossTrade get_account_info HTTP 408 account=DEMO5042070 body={"error": "Client not ready to receive requests, disconnected."}
2026-05-10 13:35:53,843,WARNING,CrossTrade get_account_info HTTP 408 account=DEMO5042070 body={"error": "Client not ready to receive requests, disconnected."}
2026-05-10 13:36:05,020,WARNING,CrossTrade get_account_info HTTP 408 account=DEMO5042070 body={"error": "Client not ready to receive requests, disconnected."}
2026-05-10 13:36:16,644,WARNING,CrossTrade get_account_info HTTP 408 account=DEMO5042070 body={"error": "Client not ready to receive requests, disconnected."}
2026-05-10 13:36:28,032,WARNING,CrossTrade get_account_info HTTP 408 account=DEMO5042070 body={"error": "Client not ready to receive requests, disconnected."}
2026-05-10 13:36:38,541,WARNING,CrossTrade get_account_info HTTP 408 account=DEMO5042070 body={"error": "Client not ready to receive requests, disconnected."}
2026-05-10 13:36:49,111,WARNING,CrossTrade get_account_info HTTP 408 account=DEMO5042070 body={"error": "Client not ready to receive requests, disconnected."}
2026-05-10 13:36:59,921,WARNING,CrossTrade get_account_info HTTP 408 account=DEMO5042070 body={"error": "Client not ready to receive requests, disconnected."}
2026-05-10 13:37:11,221,WARNING,CrossTrade get_account_info HTTP 408 account=DEMO5042070 body={"error": "Client not ready to receive requests, disconnected."}
2026-05-10 13:37:21,900,WARNING,CrossTrade get_account_info HTTP 408 account=DEMO5042070 body={"error": "Client not ready to receive requests, disconnected."}
2026-05-10 13:37:33,682,WARNING,CrossTrade get_account_info HTTP 408 account=DEMO5042070 body={"error": "Client not ready to receive requests, disconnected."}
2026-05-10 13:37:44,854,WARNING,CrossTrade get_account_info HTTP 408 account=DEMO5042070 body={"error": "Client not ready to receive requests, disconnected."}
2026-05-10 13:37:48,613,WARNING,Paginated historical load returned no bars; retrying single request limit=2000 daysBack=2
2026-05-10 13:37:56,376,WARNING,CrossTrade get_account_info HTTP 408 account=DEMO5042070 body={"error": "Client not ready to receive requests, disconnected."}
2026-05-10 13:38:07,528,WARNING,CrossTrade get_account_info HTTP 408 account=DEMO5042070 body={"error": "Client not ready to receive requests, disconnected."}
2026-05-10 13:38:18,916,WARNING,CrossTrade get_account_info HTTP 408 account=DEMO5042070 body={"error": "Client not ready to receive requests, disconnected."}
2026-05-10 13:38:29,909,WARNING,CrossTrade get_account_info HTTP 408 account=DEMO5042070 body={"error": "Client not ready to receive requests, disconnected."}
2026-05-10 13:38:40,883,WARNING,CrossTrade get_account_info HTTP 408 account=DEMO5042070 body={"error": "Client not ready to receive requests, disconnected."}
2026-05-10 13:38:52,051,WARNING,CrossTrade get_account_info HTTP 408 account=DEMO5042070 body={"error": "Client not ready to receive requests, disconnected."}
2026-05-10 13:39:02,530,WARNING,CrossTrade get_account_info HTTP 408 account=DEMO5042070 body={"error": "Client not ready to receive requests, disconnected."}
2026-05-10 13:39:13,201,WARNING,CrossTrade get_account_info HTTP 408 account=DEMO5042070 body={"error": "Client not ready to receive requests, disconnected."}
2026-05-10 13:39:23,559,WARNING,CrossTrade get_account_info HTTP 408 account=DEMO5042070 body={"error": "Client not ready to receive requests, disconnected."}
2026-05-10 13:39:34,453,WARNING,CrossTrade get_account_info HTTP 408 account=DEMO5042070 body={"error": "Client not ready to receive requests, disconnected."}
2026-05-10 13:39:46,766,WARNING,CrossTrade get_account_info HTTP 408 account=DEMO5042070 body={"error": "Client not ready to receive requests, disconnected."}
2026-05-10 13:39:58,490,WARNING,CrossTrade get_account_info HTTP 408 account=DEMO5042070 body={"error": "Client not ready to receive requests, disconnected."}
2026-05-10 13:40:09,452,WARNING,CrossTrade get_account_info HTTP 408 account=DEMO5042070 body={"error": "Client not ready to receive requests, disconnected."}
2026-05-10 13:40:20,491,WARNING,CrossTrade get_account_info HTTP 408 account=DEMO5042070 body={"error": "Client not ready to receive requests, disconnected."}
2026-05-10 13:40:32,299,WARNING,CrossTrade get_account_info HTTP 408 account=DEMO5042070 body={"error": "Client not ready to receive requests, disconnected."}
2026-05-10 13:40:44,414,WARNING,CrossTrade get_account_info HTTP 408 account=DEMO5042070 body={"error": "Client not ready to receive requests, disconnected."}
2026-05-10 13:40:56,420,WARNING,CrossTrade get_account_info HTTP 408 account=DEMO5042070 body={"error": "Client not ready to receive requests, disconnected."}
2026-05-10 13:41:08,533,WARNING,CrossTrade get_account_info HTTP 408 account=DEMO5042070 body={"error": "Client not ready to receive requests, disconnected."}
2026-05-10 13:41:18,681,WARNING,CrossTrade get_account_info HTTP 408 account=DEMO5042070 body={"error": "Client not ready to receive requests, disconnected."}
2026-05-10 13:41:31,296,WARNING,CrossTrade get_account_info HTTP 408 account=DEMO5042070 body={"error": "Client not ready to receive requests, disconnected."}
2026-05-10 13:41:43,857,WARNING,CrossTrade get_account_info HTTP 408 account=DEMO5042070 body={"error": "Client not ready to receive requests, disconnected."}
2026-05-10 13:41:55,872,WARNING,CrossTrade get_account_info HTTP 408 account=DEMO5042070 body={"error": "Client not ready to receive requests, disconnected."}
2026-05-10 13:42:08,129,WARNING,CrossTrade get_account_info HTTP 408 account=DEMO5042070 body={"error": "Client not ready to receive requests, disconnected."}
2026-05-10 13:42:18,588,WARNING,CrossTrade get_account_info HTTP 408 account=DEMO5042070 body={"error": "Client not ready to receive requests, disconnected."}
2026-05-10 13:42:30,950,WARNING,CrossTrade get_account_info HTTP 408 account=DEMO5042070 body={"error": "Client not ready to receive requests, disconnected."}
2026-05-10 13:42:43,453,WARNING,CrossTrade get_account_info HTTP 408 account=DEMO5042070 body={"error": "Client not ready to receive requests, disconnected."}
2026-05-10 13:42:50,914,WARNING,Paginated historical load returned no bars; retrying single request limit=2000 daysBack=2
2026-05-10 13:42:54,715,WARNING,CrossTrade get_account_info HTTP 408 account=DEMO5042070 body={"error": "Client not ready to receive requests, disconnected."}
2026-05-10 13:43:07,255,WARNING,CrossTrade get_account_info HTTP 408 account=DEMO5042070 body={"error": "Client not ready to receive requests, disconnected."}
2026-05-10 13:43:19,166,WARNING,CrossTrade get_account_info HTTP 408 account=DEMO5042070 body={"error": "Client not ready to receive requests, disconnected."}
2026-05-10 13:43:31,267,WARNING,CrossTrade get_account_info HTTP 408 account=DEMO5042070 body={"error": "Client not ready to receive requests, disconnected."}
2026-05-10 13:43:42,678,WARNING,CrossTrade get_account_info HTTP 408 account=DEMO5042070 body={"error": "Client not ready to receive requests, disconnected."}
2026-05-10 13:43:54,120,WARNING,CrossTrade get_account_info HTTP 408 account=DEMO5042070 body={"error": "Client not ready to receive requests, disconnected."}
2026-05-10 13:44:05,193,WARNING,CrossTrade get_account_info HTTP 408 account=DEMO5042070 body={"error": "Client not ready to receive requests, disconnected."}
2026-05-10 13:44:16,843,WARNING,CrossTrade get_account_info HTTP 408 account=DEMO5042070 body={"error": "Client not ready to receive requests, disconnected."}
2026-05-10 13:44:28,173,WARNING,CrossTrade get_account_info HTTP 408 account=DEMO5042070 body={"error": "Client not ready to receive requests, disconnected."}
2026-05-10 13:44:39,757,WARNING,CrossTrade get_account_info HTTP 408 account=DEMO5042070 body={"error": "Client not ready to receive requests, disconnected."}
2026-05-10 13:44:51,054,WARNING,CrossTrade get_account_info HTTP 408 account=DEMO5042070 body={"error": "Client not ready to receive requests, disconnected."}
2026-05-10 13:45:04,369,WARNING,CrossTrade get_account_info HTTP 408 account=DEMO5042070 body={"error": "Client not ready to receive requests, disconnected."}
2026-05-10 13:45:16,234,WARNING,CrossTrade get_account_info HTTP 408 account=DEMO5042070 body={"error": "Client not ready to receive requests, disconnected."}
2026-05-10 13:45:26,368,WARNING,CrossTrade get_account_info HTTP 408 account=DEMO5042070 body={"error": "Client not ready to receive requests, disconnected."}
2026-05-10 13:45:38,702,WARNING,CrossTrade get_account_info HTTP 408 account=DEMO5042070 body={"error": "Client not ready to receive requests, disconnected."}
2026-05-10 13:45:51,202,WARNING,CrossTrade get_account_info HTTP 408 account=DEMO5042070 body={"error": "Client not ready to receive requests, disconnected."}
2026-05-10 13:46:02,658,WARNING,CrossTrade get_account_info HTTP 408 account=DEMO5042070 body={"error": "Client not ready to receive requests, disconnected."}
2026-05-10 13:46:14,779,WARNING,CrossTrade get_account_info HTTP 408 account=DEMO5042070 body={"error": "Client not ready to receive requests, disconnected."}
2026-05-10 13:46:26,030,WARNING,CrossTrade get_account_info HTTP 408 account=DEMO5042070 body={"error": "Client not ready to receive requests, disconnected."}
2026-05-10 13:46:37,572,WARNING,CrossTrade get_account_info HTTP 408 account=DEMO5042070 body={"error": "Client not ready to receive requests, disconnected."}
2026-05-10 13:46:49,044,WARNING,CrossTrade get_account_info HTTP 408 account=DEMO5042070 body={"error": "Client not ready to receive requests, disconnected."}
2026-05-10 13:46:59,319,WARNING,CrossTrade get_account_info HTTP 408 account=DEMO5042070 body={"error": "Client not ready to receive requests, disconnected."}
2026-05-10 13:47:11,309,WARNING,CrossTrade get_account_info HTTP 408 account=DEMO5042070 body={"error": "Client not ready to receive requests, disconnected."}
2026-05-10 13:47:22,432,WARNING,CrossTrade get_account_info HTTP 408 account=DEMO5042070 body={"error": "Client not ready to receive requests, disconnected."}
2026-05-10 13:47:34,131,WARNING,CrossTrade get_account_info HTTP 408 account=DEMO5042070 body={"error": "Client not ready to receive requests, disconnected."}
2026-05-10 13:47:45,999,WARNING,CrossTrade get_account_info HTTP 408 account=DEMO5042070 body={"error": "Client not ready to receive requests, disconnected."}
2026-05-10 13:47:53,185,WARNING,Paginated historical load returned no bars; retrying single request limit=2000 daysBack=2
2026-05-10 13:47:57,833,WARNING,CrossTrade get_account_info HTTP 408 account=DEMO5042070 body={"error": "Client not ready to receive requests, disconnected."}
2026-05-10 13:48:10,378,WARNING,CrossTrade get_account_info HTTP 408 account=DEMO5042070 body={"error": "Client not ready to receive requests, disconnected."}
2026-05-10 13:48:21,600,WARNING,CrossTrade get_account_info HTTP 408 account=DEMO5042070 body={"error": "Client not ready to receive requests, disconnected."}
2026-05-10 13:48:32,967,WARNING,CrossTrade get_account_info HTTP 408 account=DEMO5042070 body={"error": "Client not ready to receive requests, disconnected."}
2026-05-10 13:48:44,855,WARNING,CrossTrade get_account_info HTTP 408 account=DEMO5042070 body={"error": "Client not ready to receive requests, disconnected."}
2026-05-10 13:48:57,268,WARNING,CrossTrade get_account_info HTTP 408 account=DEMO5042070 body={"error": "Client not ready to receive requests, disconnected."}
2026-05-10 13:49:09,216,WARNING,CrossTrade get_account_info HTTP 408 account=DEMO5042070 body={"error": "Client not ready to receive requests, disconnected."}
2026-05-10 13:49:19,846,WARNING,CrossTrade get_account_info HTTP 408 account=DEMO5042070 body={"error": "Client not ready to receive requests, disconnected."}
2026-05-10 13:49:31,917,WARNING,CrossTrade get_account_info HTTP 408 account=DEMO5042070 body={"error": "Client not ready to receive requests, disconnected."}
2026-05-10 13:49:43,633,WARNING,CrossTrade get_account_info HTTP 408 account=DEMO5042070 body={"error": "Client not ready to receive requests, disconnected."}
2026-05-10 13:49:55,331,WARNING,CrossTrade get_account_info HTTP 408 account=DEMO5042070 body={"error": "Client not ready to receive requests, disconnected."}
2026-05-10 13:50:06,385,WARNING,CrossTrade get_account_info HTTP 408 account=DEMO5042070 body={"error": "Client not ready to receive requests, disconnected."}
2026-05-10 13:50:18,218,WARNING,CrossTrade get_account_info HTTP 408 account=DEMO5042070 body={"error": "Client not ready to receive requests, disconnected."}
2026-05-10 13:50:29,346,WARNING,CrossTrade get_account_info HTTP 408 account=DEMO5042070 body={"error": "Client not ready to receive requests, disconnected."}
2026-05-10 13:50:40,637,WARNING,CrossTrade get_account_info HTTP 408 account=DEMO5042070 body={"error": "Client not ready to receive requests, disconnected."}
2026-05-10 13:50:52,252,WARNING,CrossTrade get_account_info HTTP 408 account=DEMO5042070 body={"error": "Client not ready to receive requests, disconnected."}
2026-05-10 13:51:02,421,WARNING,CrossTrade get_account_info HTTP 408 account=DEMO5042070 body={"error": "Client not ready to receive requests, disconnected."}
2026-05-10 13:51:14,535,WARNING,CrossTrade get_account_info HTTP 408 account=DEMO5042070 body={"error": "Client not ready to receive requests, disconnected."}
2026-05-10 13:51:26,219,WARNING,CrossTrade get_account_info HTTP 408 account=DEMO5042070 body={"error": "Client not ready to receive requests, disconnected."}
2026-05-10 13:51:37,047,WARNING,CrossTrade get_account_info HTTP 408 account=DEMO5042070 body={"error": "Client not ready to receive requests, disconnected."}
2026-05-10 13:51:48,257,WARNING,CrossTrade get_account_info HTTP 408 account=DEMO5042070 body={"error": "Client not ready to receive requests, disconnected."}
2026-05-15 17:40:52,174,ERROR,CrossTrade get_account_info failed: ('Connection aborted.', RemoteDisconnected('Remote end closed connection without response'))
2026-05-15 17:40:52,588,ERROR,TradeReconciler websocket error [RECONCILE_WEBSOCKET_LOOP_FAILED]: no close frame received or sent
2026-05-15 17:40:52,732,WARNING,TradeReconciler reconnect in 16.3s
2026-05-15 17:41:04,980,WARNING,CrossTrade get_account_info HTTP 408 account=DEMO5042070 body={"error": "Client not ready to receive requests, disconnected."}
2026-05-15 17:41:16,886,WARNING,CrossTrade get_account_info HTTP 408 account=DEMO5042070 body={"error": "Client not ready to receive requests, disconnected."}
2026-05-15 17:41:34,212,WARNING,CrossTrade get_account_info HTTP 408 account=DEMO5042070 body={"error": "Client not ready to receive requests, disconnected."}
2026-05-15 17:41:47,685,WARNING,CrossTrade get_account_info HTTP 408 account=DEMO5042070 body={"error": "Client not ready to receive requests, disconnected."}
2026-05-15 17:41:55,538,WARNING,Paginated historical load returned no bars; retrying single request limit=2000 daysBack=2
2026-05-15 17:41:59,020,WARNING,CrossTrade get_account_info HTTP 408 account=DEMO5042070 body={"error": "Client not ready to receive requests, disconnected."}
2026-05-15 17:42:11,192,WARNING,CrossTrade get_account_info HTTP 408 account=DEMO5042070 body={"error": "Client not ready to receive requests, disconnected."}
2026-05-15 17:42:24,364,WARNING,CrossTrade get_account_info HTTP 408 account=DEMO5042070 body={"error": "Client not ready to receive requests, disconnected."}
2026-05-15 17:42:38,194,WARNING,CrossTrade get_account_info HTTP 408 account=DEMO5042070 body={"error": "Client not ready to receive requests, disconnected."}
2026-05-15 17:42:48,592,WARNING,CrossTrade get_account_info HTTP 408 account=DEMO5042070 body={"error": "Client not ready to receive requests, disconnected."}
2026-05-15 17:43:02,304,WARNING,CrossTrade get_account_info HTTP 408 account=DEMO5042070 body={"error": "Client not ready to receive requests, disconnected."}
2026-05-15 17:43:14,558,WARNING,CrossTrade get_account_info HTTP 408 account=DEMO5042070 body={"error": "Client not ready to receive requests, disconnected."}
2026-05-15 17:43:26,777,WARNING,CrossTrade get_account_info HTTP 408 account=DEMO5042070 body={"error": "Client not ready to receive requests, disconnected."}
2026-05-15 17:43:37,619,WARNING,CrossTrade get_account_info HTTP 408 account=DEMO5042070 body={"error": "Client not ready to receive requests, disconnected."}
2026-05-15 17:43:49,897,WARNING,CrossTrade get_account_info HTTP 408 account=DEMO5042070 body={"error": "Client not ready to receive requests, disconnected."}
2026-05-15 17:44:02,409,WARNING,CrossTrade get_account_info HTTP 408 account=DEMO5042070 body={"error": "Client not ready to receive requests, disconnected."}
2026-05-15 17:44:15,569,WARNING,CrossTrade get_account_info HTTP 408 account=DEMO5042070 body={"error": "Client not ready to receive requests, disconnected."}
2026-05-15 17:44:26,029,WARNING,CrossTrade get_account_info HTTP 408 account=DEMO5042070 body={"error": "Client not ready to receive requests, disconnected."}
2026-05-15 17:44:40,237,WARNING,CrossTrade get_account_info HTTP 408 account=DEMO5042070 body={"error": "Client not ready to receive requests, disconnected."}
2026-05-15 17:44:50,678,WARNING,CrossTrade get_account_info HTTP 408 account=DEMO5042070 body={"error": "Client not ready to receive requests, disconnected."}
2026-05-15 17:45:07,264,WARNING,CrossTrade get_account_info HTTP 408 account=DEMO5042070 body={"error": "Client not ready to receive requests, disconnected."}
2026-05-15 17:45:17,609,WARNING,CrossTrade get_account_info HTTP 408 account=DEMO5042070 body={"error": "Client not ready to receive requests, disconnected."}
2026-05-15 17:45:28,052,WARNING,CrossTrade get_account_info HTTP 408 account=DEMO5042070 body={"error": "Client not ready to receive requests, disconnected."}
2026-05-15 17:45:41,182,WARNING,CrossTrade get_account_info HTTP 408 account=DEMO5042070 body={"error": "Client not ready to receive requests, disconnected."}
2026-05-15 17:45:54,479,WARNING,CrossTrade get_account_info HTTP 408 account=DEMO5042070 body={"error": "Client not ready to receive requests, disconnected."}
2026-05-15 17:46:05,581,WARNING,CrossTrade get_account_info HTTP 408 account=DEMO5042070 body={"error": "Client not ready to receive requests, disconnected."}
2026-05-15 17:46:17,175,WARNING,CrossTrade get_account_info HTTP 408 account=DEMO5042070 body={"error": "Client not ready to receive requests, disconnected."}
2026-05-15 17:46:28,905,WARNING,CrossTrade get_account_info HTTP 408 account=DEMO5042070 body={"error": "Client not ready to receive requests, disconnected."}
2026-05-15 17:46:41,280,WARNING,CrossTrade get_account_info HTTP 408 account=DEMO5042070 body={"error": "Client not ready to receive requests, disconnected."}
2026-05-15 17:46:51,475,WARNING,CrossTrade get_account_info HTTP 408 account=DEMO5042070 body={"error": "Client not ready to receive requests, disconnected."}
2026-05-15 17:46:59,720,WARNING,Paginated historical load returned no bars; retrying single request limit=2000 daysBack=2
2026-05-15 17:47:02,203,WARNING,CrossTrade get_account_info HTTP 408 account=DEMO5042070 body={"error": "Client not ready to receive requests, disconnected."}
2026-05-15 17:47:14,836,WARNING,CrossTrade get_account_info HTTP 408 account=DEMO5042070 body={"error": "Client not ready to receive requests, disconnected."}
2026-05-15 17:47:26,805,WARNING,CrossTrade get_account_info HTTP 408 account=DEMO5042070 body={"error": "Client not ready to receive requests, disconnected."}
2026-05-15 17:47:39,121,WARNING,CrossTrade get_account_info HTTP 408 account=DEMO5042070 body={"error": "Client not ready to receive requests, disconnected."}
2026-05-15 17:47:51,957,WARNING,CrossTrade get_account_info HTTP 408 account=DEMO5042070 body={"error": "Client not ready to receive requests, disconnected."}
2026-05-15 17:48:04,363,WARNING,CrossTrade get_account_info HTTP 408 account=DEMO5042070 body={"error": "Client not ready to receive requests, disconnected."}
2026-05-15 17:48:16,873,WARNING,CrossTrade get_account_info HTTP 408 account=DEMO5042070 body={"error": "Client not ready to receive requests, disconnected."}
2026-05-15 17:48:27,665,WARNING,CrossTrade get_account_info HTTP 408 account=DEMO5042070 body={"error": "Client not ready to receive requests, disconnected."}
2026-05-15 17:48:37,950,WARNING,CrossTrade get_account_info HTTP 408 account=DEMO5042070 body={"error": "Client not ready to receive requests, disconnected."}
2026-05-15 17:48:48,540,WARNING,CrossTrade get_account_info HTTP 408 account=DEMO5042070 body={"error": "Client not ready to receive requests, disconnected."}
2026-05-15 17:49:00,199,WARNING,CrossTrade get_account_info HTTP 408 account=DEMO5042070 body={"error": "Client not ready to receive requests, disconnected."}
2026-05-15 17:49:10,403,WARNING,CrossTrade get_account_info HTTP 408 account=DEMO5042070 body={"error": "Client not ready to receive requests, disconnected."}
2026-05-15 17:49:21,264,WARNING,CrossTrade get_account_info HTTP 408 account=DEMO5042070 body={"error": "Client not ready to receive requests, disconnected."}
2026-05-15 17:49:33,343,WARNING,CrossTrade get_account_info HTTP 408 account=DEMO5042070 body={"error": "Client not ready to receive requests, disconnected."}
2026-05-15 17:49:43,871,WARNING,CrossTrade get_account_info HTTP 408 account=DEMO5042070 body={"error": "Client not ready to receive requests, disconnected."}
2026-05-15 17:49:54,309,WARNING,CrossTrade get_account_info HTTP 408 account=DEMO5042070 body={"error": "Client not ready to receive requests, disconnected."}
2026-05-15 17:50:06,229,WARNING,CrossTrade get_account_info HTTP 408 account=DEMO5042070 body={"error": "Client not ready to receive requests, disconnected."}
2026-05-15 17:50:18,467,WARNING,CrossTrade get_account_info HTTP 408 account=DEMO5042070 body={"error": "Client not ready to receive requests, disconnected."}
2026-05-15 17:50:29,397,WARNING,CrossTrade get_account_info HTTP 408 account=DEMO5042070 body={"error": "Client not ready to receive requests, disconnected."}
2026-05-15 17:50:41,102,WARNING,CrossTrade get_account_info HTTP 408 account=DEMO5042070 body={"error": "Client not ready to receive requests, disconnected."}
2026-05-15 17:50:52,864,WARNING,CrossTrade get_account_info HTTP 408 account=DEMO5042070 body={"error": "Client not ready to receive requests, disconnected."}
2026-05-15 17:51:03,294,WARNING,CrossTrade get_account_info HTTP 408 account=DEMO5042070 body={"error": "Client not ready to receive requests, disconnected."}
2026-05-15 17:51:13,563,WARNING,CrossTrade get_account_info HTTP 408 account=DEMO5042070 body={"error": "Client not ready to receive requests, disconnected."}
2026-05-15 17:51:26,781,WARNING,CrossTrade get_account_info HTTP 408 account=DEMO5042070 body={"error": "Client not ready to receive requests, disconnected."}
2026-05-15 17:51:39,454,WARNING,CrossTrade get_account_info HTTP 408 account=DEMO5042070 body={"error": "Client not ready to receive requests, disconnected."}
2026-05-15 17:51:49,959,WARNING,CrossTrade get_account_info HTTP 408 account=DEMO5042070 body={"error": "Client not ready to receive requests, disconnected."}
2026-05-15 17:52:02,616,WARNING,CrossTrade get_account_info HTTP 408 account=DEMO5042070 body={"error": "Client not ready to receive requests, disconnected."}
2026-05-15 17:52:02,683,WARNING,Paginated historical load returned no bars; retrying single request limit=2000 daysBack=2
2026-05-15 17:52:15,203,WARNING,CrossTrade get_account_info HTTP 408 account=DEMO5042070 body={"error": "Client not ready to receive requests, disconnected."}
2026-05-15 17:52:27,582,WARNING,CrossTrade get_account_info HTTP 408 account=DEMO5042070 body={"error": "Client not ready to receive requests, disconnected."}
2026-05-15 17:52:39,179,WARNING,CrossTrade get_account_info HTTP 408 account=DEMO5042070 body={"error": "Client not ready to receive requests, disconnected."}
2026-05-15 17:52:50,520,WARNING,CrossTrade get_account_info HTTP 408 account=DEMO5042070 body={"error": "Client not ready to receive requests, disconnected."}
2026-05-15 17:53:01,205,WARNING,CrossTrade get_account_info HTTP 408 account=DEMO5042070 body={"error": "Client not ready to receive requests, disconnected."}
2026-05-15 17:53:12,838,WARNING,CrossTrade get_account_info HTTP 408 account=DEMO5042070 body={"error": "Client not ready to receive requests, disconnected."}
2026-05-15 17:53:24,478,WARNING,CrossTrade get_account_info HTTP 408 account=DEMO5042070 body={"error": "Client not ready to receive requests, disconnected."}
2026-05-15 17:53:37,119,WARNING,CrossTrade get_account_info HTTP 408 account=DEMO5042070 body={"error": "Client not ready to receive requests, disconnected."}
2026-05-15 17:53:49,377,WARNING,CrossTrade get_account_info HTTP 408 account=DEMO5042070 body={"error": "Client not ready to receive requests, disconnected."}
2026-05-15 17:54:01,391,WARNING,CrossTrade get_account_info HTTP 408 account=DEMO5042070 body={"error": "Client not ready to receive requests, disconnected."}
2026-05-15 17:54:13,127,WARNING,CrossTrade get_account_info HTTP 408 account=DEMO5042070 body={"error": "Client not ready to receive requests, disconnected."}
2026-05-15 17:54:25,428,WARNING,CrossTrade get_account_info HTTP 408 account=DEMO5042070 body={"error": "Client not ready to receive requests, disconnected."}
2026-05-15 17:54:35,931,WARNING,CrossTrade get_account_info HTTP 408 account=DEMO5042070 body={"error": "Client not ready to receive requests, disconnected."}
2026-05-15 17:54:48,014,WARNING,CrossTrade get_account_info HTTP 408 account=DEMO5042070 body={"error": "Client not ready to receive requests, disconnected."}
2026-05-15 17:55:00,096,WARNING,CrossTrade get_account_info HTTP 408 account=DEMO5042070 body={"error": "Client not ready to receive requests, disconnected."}
2026-05-15 17:55:12,723,WARNING,CrossTrade get_account_info HTTP 408 account=DEMO5042070 body={"error": "Client not ready to receive requests, disconnected."}
2026-05-15 17:55:24,915,WARNING,CrossTrade get_account_info HTTP 408 account=DEMO5042070 body={"error": "Client not ready to receive requests, disconnected."}
2026-05-15 17:55:37,464,WARNING,CrossTrade get_account_info HTTP 408 account=DEMO5042070 body={"error": "Client not ready to receive requests, disconnected."}
2026-05-15 17:55:49,582,WARNING,CrossTrade get_account_info HTTP 408 account=DEMO5042070 body={"error": "Client not ready to receive requests, disconnected."}
2026-05-15 17:56:01,834,WARNING,CrossTrade get_account_info HTTP 408 account=DEMO5042070 body={"error": "Client not ready to receive requests, disconnected."}
2026-05-15 17:56:13,757,WARNING,CrossTrade get_account_info HTTP 408 account=DEMO5042070 body={"error": "Client not ready to receive requests, disconnected."}
2026-05-15 17:56:25,100,WARNING,CrossTrade get_account_info HTTP 408 account=DEMO5042070 body={"error": "Client not ready to receive requests, disconnected."}
2026-05-15 17:56:36,867,WARNING,CrossTrade get_account_info HTTP 408 account=DEMO5042070 body={"error": "Client not ready to receive requests, disconnected."}
2026-05-15 17:56:47,321,WARNING,CrossTrade get_account_info HTTP 408 account=DEMO5042070 body={"error": "Client not ready to receive requests, disconnected."}
2026-05-15 17:56:57,632,WARNING,CrossTrade get_account_info HTTP 408 account=DEMO5042070 body={"error": "Client not ready to receive requests, disconnected."}
2026-05-15 17:57:05,315,WARNING,Paginated historical load returned no bars; retrying single request limit=2000 daysBack=2
2026-05-15 17:57:09,239,WARNING,CrossTrade get_account_info HTTP 408 account=DEMO5042070 body={"error": "Client not ready to receive requests, disconnected."}
2026-05-15 17:57:20,802,WARNING,CrossTrade get_account_info HTTP 408 account=DEMO5042070 body={"error": "Client not ready to receive requests, disconnected."}
2026-05-15 17:57:31,520,WARNING,CrossTrade get_account_info HTTP 408 account=DEMO5042070 body={"error": "Client not ready to receive requests, disconnected."}
2026-05-15 17:57:43,783,WARNING,CrossTrade get_account_info HTTP 408 account=DEMO5042070 body={"error": "Client not ready to receive requests, disconnected."}
2026-05-15 17:57:56,198,WARNING,CrossTrade get_account_info HTTP 408 account=DEMO5042070 body={"error": "Client not ready to receive requests, disconnected."}
2026-05-15 17:58:08,243,WARNING,CrossTrade get_account_info HTTP 408 account=DEMO5042070 body={"error": "Client not ready to receive requests, disconnected."}
2026-05-15 17:58:20,200,WARNING,CrossTrade get_account_info HTTP 408 account=DEMO5042070 body={"error": "Client not ready to receive requests, disconnected."}
2026-05-15 17:58:31,012,WARNING,CrossTrade get_account_info HTTP 408 account=DEMO5042070 body={"error": "Client not ready to receive requests, disconnected."}
2026-05-15 17:58:43,137,WARNING,CrossTrade get_account_info HTTP 408 account=DEMO5042070 body={"error": "Client not ready to receive requests, disconnected."}
2026-05-15 17:58:55,170,WARNING,CrossTrade get_account_info HTTP 408 account=DEMO5042070 body={"error": "Client not ready to receive requests, disconnected."}
2026-05-15 17:59:05,452,WARNING,CrossTrade get_account_info HTTP 408 account=DEMO5042070 body={"error": "Client not ready to receive requests, disconnected."}
2026-05-15 17:59:17,318,WARNING,CrossTrade get_account_info HTTP 408 account=DEMO5042070 body={"error": "Client not ready to receive requests, disconnected."}
2026-05-15 17:59:29,436,WARNING,CrossTrade get_account_info HTTP 408 account=DEMO5042070 body={"error": "Client not ready to receive requests, disconnected."}
2026-05-15 17:59:41,444,WARNING,CrossTrade get_account_info HTTP 408 account=DEMO5042070 body={"error": "Client not ready to receive requests, disconnected."}
2026-05-15 17:59:53,355,WARNING,CrossTrade get_account_info HTTP 408 account=DEMO5042070 body={"error": "Client not ready to receive requests, disconnected."}
2026-05-15 18:00:05,207,WARNING,CrossTrade get_account_info HTTP 408 account=DEMO5042070 body={"error": "Client not ready to receive requests, disconnected."}
2026-05-15 18:00:16,912,WARNING,CrossTrade get_account_info HTTP 408 account=DEMO5042070 body={"error": "Client not ready to receive requests, disconnected."}
2026-05-15 18:00:29,308,WARNING,CrossTrade get_account_info HTTP 408 account=DEMO5042070 body={"error": "Client not ready to receive requests, disconnected."}
2026-05-15 18:00:39,895,WARNING,CrossTrade get_account_info HTTP 408 account=DEMO5042070 body={"error": "Client not ready to receive requests, disconnected."}
2026-05-15 18:00:50,648,WARNING,CrossTrade get_account_info HTTP 408 account=DEMO5042070 body={"error": "Client not ready to receive requests, disconnected."}
2026-05-15 18:01:01,516,WARNING,CrossTrade get_account_info HTTP 408 account=DEMO5042070 body={"error": "Client not ready to receive requests, disconnected."}
2026-05-15 18:01:14,458,WARNING,CrossTrade get_account_info HTTP 408 account=DEMO5042070 body={"error": "Client not ready to receive requests, disconnected."}
2026-05-15 18:01:26,714,WARNING,CrossTrade get_account_info HTTP 408 account=DEMO5042070 body={"error": "Client not ready to receive requests, disconnected."}
2026-05-15 18:01:39,055,WARNING,CrossTrade get_account_info HTTP 408 account=DEMO5042070 body={"error": "Client not ready to receive requests, disconnected."}
2026-05-15 18:01:50,136,WARNING,CrossTrade get_account_info HTTP 408 account=DEMO5042070 body={"error": "Client not ready to receive requests, disconnected."}
2026-05-15 18:02:01,601,WARNING,CrossTrade get_account_info HTTP 408 account=DEMO5042070 body={"error": "Client not ready to receive requests, disconnected."}
2026-05-15 18:02:07,488,WARNING,Paginated historical load returned no bars; retrying single request limit=2000 daysBack=2
2026-05-15 18:02:13,783,WARNING,CrossTrade get_account_info HTTP 408 account=DEMO5042070 body={"error": "Client not ready to receive requests, disconnected."}
2026-05-15 18:02:25,701,WARNING,CrossTrade get_account_info HTTP 408 account=DEMO5042070 body={"error": "Client not ready to receive requests, disconnected."}
2026-05-15 18:02:35,856,WARNING,CrossTrade get_account_info HTTP 408 account=DEMO5042070 body={"error": "Client not ready to receive requests, disconnected."}
2026-05-15 18:02:46,440,WARNING,CrossTrade get_account_info HTTP 408 account=DEMO5042070 body={"error": "Client not ready to receive requests, disconnected."}
2026-05-15 18:02:58,735,WARNING,CrossTrade get_account_info HTTP 408 account=DEMO5042070 body={"error": "Client not ready to receive requests, disconnected."}
2026-05-15 18:03:09,003,WARNING,CrossTrade get_account_info HTTP 408 account=DEMO5042070 body={"error": "Client not ready to receive requests, disconnected."}
2026-05-15 18:03:19,191,WARNING,CrossTrade get_account_info HTTP 408 account=DEMO5042070 body={"error": "Client not ready to receive requests, disconnected."}
2026-05-15 18:03:29,650,WARNING,CrossTrade get_account_info HTTP 408 account=DEMO5042070 body={"error": "Client not ready to receive requests, disconnected."}
2026-05-15 18:03:40,345,WARNING,CrossTrade get_account_info HTTP 408 account=DEMO5042070 body={"error": "Client not ready to receive requests, disconnected."}
2026-05-15 18:03:51,042,WARNING,CrossTrade get_account_info HTTP 408 account=DEMO5042070 body={"error": "Client not ready to receive requests, disconnected."}
2026-05-15 18:04:03,618,WARNING,CrossTrade get_account_info HTTP 408 account=DEMO5042070 body={"error": "Client not ready to receive requests, disconnected."}
2026-05-15 18:04:13,899,WARNING,CrossTrade get_account_info HTTP 408 account=DEMO5042070 body={"error": "Client not ready to receive requests, disconnected."}
2026-05-15 18:04:26,157,WARNING,CrossTrade get_account_info HTTP 408 account=DEMO5042070 body={"error": "Client not ready to receive requests, disconnected."}
2026-05-15 18:04:38,666,WARNING,CrossTrade get_account_info HTTP 408 account=DEMO5042070 body={"error": "Client not ready to receive requests, disconnected."}
2026-05-15 18:04:48,950,WARNING,CrossTrade get_account_info HTTP 408 account=DEMO5042070 body={"error": "Client not ready to receive requests, disconnected."}
2026-05-15 18:05:01,237,WARNING,CrossTrade get_account_info HTTP 408 account=DEMO5042070 body={"error": "Client not ready to receive requests, disconnected."}
2026-05-15 18:05:11,409,WARNING,CrossTrade get_account_info HTTP 408 account=DEMO5042070 body={"error": "Client not ready to receive requests, disconnected."}
2026-05-15 18:05:24,195,WARNING,CrossTrade get_account_info HTTP 408 account=DEMO5042070 body={"error": "Client not ready to receive requests, disconnected."}
2026-05-15 18:05:35,496,WARNING,CrossTrade get_account_info HTTP 408 account=DEMO5042070 body={"error": "Client not ready to receive requests, disconnected."}
2026-05-15 18:05:47,984,WARNING,CrossTrade get_account_info HTTP 408 account=DEMO5042070 body={"error": "Client not ready to receive requests, disconnected."}
2026-05-15 18:06:09,496,ERROR,CrossTrade get_account_info failed: HTTPSConnectionPool(host='app.crosstrade.io', port=443): Read timed out. (read timeout=10.0)
2026-05-15 18:06:23,145,WARNING,CrossTrade get_account_info HTTP 408 account=DEMO5042070 body={"error": "Client not ready to receive requests, disconnected."}
2026-05-15 18:06:35,416,WARNING,CrossTrade get_account_info HTTP 408 account=DEMO5042070 body={"error": "Client not ready to receive requests, disconnected."}
2026-05-15 18:06:47,177,WARNING,CrossTrade get_account_info HTTP 408 account=DEMO5042070 body={"error": "Client not ready to receive requests, disconnected."}
2026-05-15 18:06:58,577,WARNING,CrossTrade get_account_info HTTP 408 account=DEMO5042070 body={"error": "Client not ready to receive requests, disconnected."}
2026-05-15 18:07:09,679,WARNING,Paginated historical load returned no bars; retrying single request limit=2000 daysBack=2
2026-05-15 18:07:10,242,WARNING,CrossTrade get_account_info HTTP 408 account=DEMO5042070 body={"error": "Client not ready to receive requests, disconnected."}
2026-05-15 18:07:21,751,WARNING,CrossTrade get_account_info HTTP 408 account=DEMO5042070 body={"error": "Client not ready to receive requests, disconnected."}
2026-05-15 18:07:33,207,WARNING,CrossTrade get_account_info HTTP 408 account=DEMO5042070 body={"error": "Client not ready to receive requests, disconnected."}
2026-05-15 18:07:44,725,WARNING,CrossTrade get_account_info HTTP 408 account=DEMO5042070 body={"error": "Client not ready to receive requests, disconnected."}
2026-05-15 18:07:56,439,WARNING,CrossTrade get_account_info HTTP 408 account=DEMO5042070 body={"error": "Client not ready to receive requests, disconnected."}
2026-05-15 18:08:07,310,WARNING,CrossTrade get_account_info HTTP 408 account=DEMO5042070 body={"error": "Client not ready to receive requests, disconnected."}
2026-05-15 18:08:17,605,WARNING,CrossTrade get_account_info HTTP 408 account=DEMO5042070 body={"error": "Client not ready to receive requests, disconnected."}
2026-05-15 18:08:29,325,WARNING,CrossTrade get_account_info HTTP 408 account=DEMO5042070 body={"error": "Client not ready to receive requests, disconnected."}
2026-05-15 18:08:41,903,WARNING,CrossTrade get_account_info HTTP 408 account=DEMO5042070 body={"error": "Client not ready to receive requests, disconnected."}
2026-05-15 18:08:54,272,WARNING,CrossTrade get_account_info HTTP 408 account=DEMO5042070 body={"error": "Client not ready to receive requests, disconnected."}
2026-05-15 18:09:04,667,WARNING,CrossTrade get_account_info HTTP 408 account=DEMO5042070 body={"error": "Client not ready to receive requests, disconnected."}
2026-05-15 18:09:15,503,WARNING,CrossTrade get_account_info HTTP 408 account=DEMO5042070 body={"error": "Client not ready to receive requests, disconnected."}
2026-05-15 18:09:25,952,WARNING,CrossTrade get_account_info HTTP 408 account=DEMO5042070 body={"error": "Client not ready to receive requests, disconnected."}
2026-05-15 18:09:38,720,WARNING,CrossTrade get_account_info HTTP 408 account=DEMO5042070 body={"error": "Client not ready to receive requests, disconnected."}
2026-05-15 18:09:49,245,WARNING,CrossTrade get_account_info HTTP 408 account=DEMO5042070 body={"error": "Client not ready to receive requests, disconnected."}
2026-05-15 18:09:59,491,WARNING,CrossTrade get_account_info HTTP 408 account=DEMO5042070 body={"error": "Client not ready to receive requests, disconnected."}
2026-05-15 18:10:12,015,WARNING,CrossTrade get_account_info HTTP 408 account=DEMO5042070 body={"error": "Client not ready to receive requests, disconnected."}
2026-05-15 18:10:24,288,WARNING,CrossTrade get_account_info HTTP 408 account=DEMO5042070 body={"error": "Client not ready to receive requests, disconnected."}
2026-05-15 18:10:34,716,WARNING,CrossTrade get_account_info HTTP 408 account=DEMO5042070 body={"error": "Client not ready to receive requests, disconnected."}
2026-05-15 18:10:46,800,WARNING,CrossTrade get_account_info HTTP 408 account=DEMO5042070 body={"error": "Client not ready to receive requests, disconnected."}
2026-05-15 18:10:58,574,WARNING,CrossTrade get_account_info HTTP 408 account=DEMO5042070 body={"error": "Client not ready to receive requests, disconnected."}
2026-05-15 18:11:10,997,WARNING,CrossTrade get_account_info HTTP 408 account=DEMO5042070 body={"error": "Client not ready to receive requests, disconnected."}
2026-05-15 18:11:22,563,WARNING,CrossTrade get_account_info HTTP 408 account=DEMO5042070 body={"error": "Client not ready to receive requests, disconnected."}
2026-05-15 18:11:35,028,WARNING,CrossTrade get_account_info HTTP 408 account=DEMO5042070 body={"error": "Client not ready to receive requests, disconnected."}
2026-05-15 18:11:45,783,WARNING,CrossTrade get_account_info HTTP 408 account=DEMO5042070 body={"error": "Client not ready to receive requests, disconnected."}
2026-05-15 18:11:56,074,WARNING,CrossTrade get_account_info HTTP 408 account=DEMO5042070 body={"error": "Client not ready to receive requests, disconnected."}
2026-05-15 18:12:07,917,WARNING,CrossTrade get_account_info HTTP 408 account=DEMO5042070 body={"error": "Client not ready to receive requests, disconnected."}
2026-05-15 18:12:11,791,WARNING,Paginated historical load returned no bars; retrying single request limit=2000 daysBack=2
2026-05-15 18:12:18,860,WARNING,CrossTrade get_account_info HTTP 408 account=DEMO5042070 body={"error": "Client not ready to receive requests, disconnected."}
2026-05-15 18:12:29,172,WARNING,CrossTrade get_account_info HTTP 408 account=DEMO5042070 body={"error": "Client not ready to receive requests, disconnected."}
2026-05-15 18:12:40,053,WARNING,CrossTrade get_account_info HTTP 408 account=DEMO5042070 body={"error": "Client not ready to receive requests, disconnected."}
2026-05-15 18:12:51,066,WARNING,CrossTrade get_account_info HTTP 408 account=DEMO5042070 body={"error": "Client not ready to receive requests, disconnected."}
2026-05-15 18:13:02,225,WARNING,CrossTrade get_account_info HTTP 408 account=DEMO5042070 body={"error": "Client not ready to receive requests, disconnected."}
2026-05-15 18:13:12,672,WARNING,CrossTrade get_account_info HTTP 408 account=DEMO5042070 body={"error": "Client not ready to receive requests, disconnected."}
2026-05-15 18:13:22,919,WARNING,CrossTrade get_account_info HTTP 408 account=DEMO5042070 body={"error": "Client not ready to receive requests, disconnected."}
2026-05-15 18:13:35,091,WARNING,CrossTrade get_account_info HTTP 408 account=DEMO5042070 body={"error": "Client not ready to receive requests, disconnected."}
2026-05-15 18:13:47,196,WARNING,CrossTrade get_account_info HTTP 408 account=DEMO5042070 body={"error": "Client not ready to receive requests, disconnected."}
2026-05-15 18:13:58,324,WARNING,CrossTrade get_account_info HTTP 408 account=DEMO5042070 body={"error": "Client not ready to receive requests, disconnected."}
2026-05-15 18:14:09,996,WARNING,CrossTrade get_account_info HTTP 408 account=DEMO5042070 body={"error": "Client not ready to receive requests, disconnected."}
2026-05-15 18:14:22,183,WARNING,CrossTrade get_account_info HTTP 408 account=DEMO5042070 body={"error": "Client not ready to receive requests, disconnected."}
2026-05-15 18:14:34,331,WARNING,CrossTrade get_account_info HTTP 408 account=DEMO5042070 body={"error": "Client not ready to receive requests, disconnected."}
2026-05-15 18:14:46,233,WARNING,CrossTrade get_account_info HTTP 408 account=DEMO5042070 body={"error": "Client not ready to receive requests, disconnected."}
2026-05-15 18:14:58,133,WARNING,CrossTrade get_account_info HTTP 408 account=DEMO5042070 body={"error": "Client not ready to receive requests, disconnected."}
2026-05-15 18:15:10,118,WARNING,CrossTrade get_account_info HTTP 408 account=DEMO5042070 body={"error": "Client not ready to receive requests, disconnected."}
2026-05-15 18:15:21,922,WARNING,CrossTrade get_account_info HTTP 408 account=DEMO5042070 body={"error": "Client not ready to receive requests, disconnected."}
2026-05-15 18:15:33,770,WARNING,CrossTrade get_account_info HTTP 408 account=DEMO5042070 body={"error": "Client not ready to receive requests, disconnected."}
2026-05-15 18:15:45,227,WARNING,CrossTrade get_account_info HTTP 408 account=DEMO5042070 body={"error": "Client not ready to receive requests, disconnected."}
2026-05-15 18:15:56,608,WARNING,CrossTrade get_account_info HTTP 408 account=DEMO5042070 body={"error": "Client not ready to receive requests, disconnected."}
2026-05-15 18:16:06,912,WARNING,CrossTrade get_account_info HTTP 408 account=DEMO5042070 body={"error": "Client not ready to receive requests, disconnected."}
2026-05-15 18:16:17,371,WARNING,CrossTrade get_account_info HTTP 408 account=DEMO5042070 body={"error": "Client not ready to receive requests, disconnected."}
2026-05-15 18:16:27,883,WARNING,CrossTrade get_account_info HTTP 408 account=DEMO5042070 body={"error": "Client not ready to receive requests, disconnected."}
2026-05-15 18:16:40,206,WARNING,CrossTrade get_account_info HTTP 408 account=DEMO5042070 body={"error": "Client not ready to receive requests, disconnected."}
2026-05-15 18:16:51,000,WARNING,CrossTrade get_account_info HTTP 408 account=DEMO5042070 body={"error": "Client not ready to receive requests, disconnected."}
2026-05-15 18:17:01,773,WARNING,CrossTrade get_account_info HTTP 408 account=DEMO5042070 body={"error": "Client not ready to receive requests, disconnected."}
2026-05-15 18:17:14,485,WARNING,Paginated historical load returned no bars; retrying single request limit=2000 daysBack=2
2026-05-15 18:17:14,717,WARNING,CrossTrade get_account_info HTTP 408 account=DEMO5042070 body={"error": "Client not ready to receive requests, disconnected."}
2026-05-15 18:17:27,419,WARNING,CrossTrade get_account_info HTTP 408 account=DEMO5042070 body={"error": "Client not ready to receive requests, disconnected."}
2026-05-15 18:17:38,683,WARNING,CrossTrade get_account_info HTTP 408 account=DEMO5042070 body={"error": "Client not ready to receive requests, disconnected."}
2026-05-15 18:17:50,652,WARNING,CrossTrade get_account_info HTTP 408 account=DEMO5042070 body={"error": "Client not ready to receive requests, disconnected."}
2026-05-15 18:18:01,962,WARNING,CrossTrade get_account_info HTTP 408 account=DEMO5042070 body={"error": "Client not ready to receive requests, disconnected."}
2026-05-15 18:18:13,881,WARNING,CrossTrade get_account_info HTTP 408 account=DEMO5042070 body={"error": "Client not ready to receive requests, disconnected."}
2026-05-15 18:18:24,735,WARNING,CrossTrade get_account_info HTTP 408 account=DEMO5042070 body={"error": "Client not ready to receive requests, disconnected."}
2026-05-15 18:18:36,747,WARNING,CrossTrade get_account_info HTTP 408 account=DEMO5042070 body={"error": "Client not ready to receive requests, disconnected."}
2026-05-15 18:18:50,655,WARNING,CrossTrade get_account_info HTTP 408 account=DEMO5042070 body={"error": "Client not ready to receive requests, disconnected."}
2026-05-15 18:19:01,526,WARNING,CrossTrade get_account_info HTTP 408 account=DEMO5042070 body={"error": "Client not ready to receive requests, disconnected."}
2026-05-15 18:19:14,519,WARNING,CrossTrade get_account_info HTTP 408 account=DEMO5042070 body={"error": "Client not ready to receive requests, disconnected."}
2026-05-15 18:19:25,829,WARNING,CrossTrade get_account_info HTTP 408 account=DEMO5042070 body={"error": "Client not ready to receive requests, disconnected."}
2026-05-15 18:19:37,261,WARNING,CrossTrade get_account_info HTTP 408 account=DEMO5042070 body={"error": "Client not ready to receive requests, disconnected."}
2026-05-15 18:19:48,775,WARNING,CrossTrade get_account_info HTTP 408 account=DEMO5042070 body={"error": "Client not ready to receive requests, disconnected."}
2026-05-15 18:20:01,748,WARNING,CrossTrade get_account_info HTTP 408 account=DEMO5042070 body={"error": "Client not ready to receive requests, disconnected."}
2026-05-15 18:20:13,229,WARNING,CrossTrade get_account_info HTTP 408 account=DEMO5042070 body={"error": "Client not ready to receive requests, disconnected."}
2026-05-15 18:20:24,583,WARNING,CrossTrade get_account_info HTTP 408 account=DEMO5042070 body={"error": "Client not ready to receive requests, disconnected."}
2026-05-15 18:20:36,091,WARNING,CrossTrade get_account_info HTTP 408 account=DEMO5042070 body={"error": "Client not ready to receive requests, disconnected."}
2026-05-15 18:20:46,594,WARNING,CrossTrade get_account_info HTTP 408 account=DEMO5042070 body={"error": "Client not ready to receive requests, disconnected."}
2026-05-15 18:20:57,763,WARNING,CrossTrade get_account_info HTTP 408 account=DEMO5042070 body={"error": "Client not ready to receive requests, disconnected."}
2026-05-15 18:21:08,787,WARNING,CrossTrade get_account_info HTTP 408 account=DEMO5042070 body={"error": "Client not ready to receive requests, disconnected."}
2026-05-15 18:21:20,430,WARNING,CrossTrade get_account_info HTTP 408 account=DEMO5042070 body={"error": "Client not ready to receive requests, disconnected."}
2026-05-15 18:21:32,915,WARNING,CrossTrade get_account_info HTTP 408 account=DEMO5042070 body={"error": "Client not ready to receive requests, disconnected."}
2026-05-15 18:21:44,361,WARNING,CrossTrade get_account_info HTTP 408 account=DEMO5042070 body={"error": "Client not ready to receive requests, disconnected."}
2026-05-15 18:21:58,295,WARNING,CrossTrade get_account_info HTTP 408 account=DEMO5042070 body={"error": "Client not ready to receive requests, disconnected."}
2026-05-15 18:22:10,555,WARNING,CrossTrade get_account_info HTTP 408 account=DEMO5042070 body={"error": "Client not ready to receive requests, disconnected."}
2026-05-15 18:22:17,122,WARNING,Paginated historical load returned no bars; retrying single request limit=2000 daysBack=2
2026-05-15 18:22:23,141,WARNING,CrossTrade get_account_info HTTP 408 account=DEMO5042070 body={"error": "Client not ready to receive requests, disconnected."}
